Counts: 10785 genes x 753 cells (scran-normalized)
Our method (scran, TargetScan): rho = 0.767, n = 745
Deduplicated sequence data: 21500 genes (one row per gene)
Matched genes: 10220 (47.5% of seqs_deduped, 94.8% of counts matrix)

Initiating ...
  _                           ____                 _
 | |__   __ _ _   _  ___  ___|  _ \ ___  __ _  ___| |_
 | '_ \ / _` | | | |/ _ \/ __| |_) / _ \/ _` |/ __| __|
 | |_) | (_| | |_| |  __/\__ \  _ <  __/ (_| | (__| |_
 |____/ \__,_|\__, |\___||___/_| \_\___|\__,_|\___|\__|
              |___/                                core 

________________________________________________________
________________________________________________________

Fitting model for 'motif'. Succesfull model fit. 
'data.frame':	753 obs. of  8 variables:
 $ mean     : num  0.0379 -0.09 0.0606 0.0265 -0.0011 ...
 $ activity : num  2.2407 -8 4.1645 1.5355 -0.0466 ...
 $ post_prob: num  2.2407 8 4.1645 1.5355 0.0466 ...
 $ sd       : num  0.0235 0.0251 0.025 0.0214 0.0193 ...
 $ 10%      : num  0.007787 -0.121856 0.029326 0.000599 -0.025352 ...
 $ 90%      : num  0.068 -0.0577 0.0931 0.0549 0.0232 ...
 $ n_eff    : num  9896 13252 10076 9057 10322 ...
 $ Rhat     : num  1 1 1 1 1 ...
bayesReact 80% CI width: median 0.062, range [0.034, 0.102]
MCMC diagnostics: median n_eff = 10598, max Rhat = 1.0007
bayesReact (scran, motif GTGCCTT): rho = 0.695, p = 1.601e-108, n = 745

Sanity check -- our method vs bayesReact (should be POSITIVE): rho = 0.816

=== Comparison (scran-normalized) ===
Our method:  rho = 0.767 (n=745)
bayesReact:  rho = 0.695 (n=745)
